src/app/admin/page.tsx(10,24): error TS6133: 'ExternalLink' is declared but its value is never read.
src/app/admissions/page.tsx(5,39): error TS6133: 'Sparkles' is declared but its value is never read.
src/app/api/admin/ai-generate/route.ts(2,1): error TS6133: 'auth' is declared but its value is never read.
src/app/api/admin/ai-generate/route.ts(4,21): error TS6133: 'getIP' is declared but its value is never read.
src/app/api/join-faculty/route.ts(118,27): error TS6133: 'req' is declared but its value is never read.
src/app/api/push/send/route.ts(15,11): error TS6133: 'payload' is declared but its value is never read.
src/app/api/push/send/route.ts(19,23): error TS6133: 'sub' is declared but its value is never read.
src/app/courses/page.tsx(6,34): error TS6133: 'Brain' is declared but its value is never read.
src/app/join-faculty/page.tsx(6,42): error TS6133: 'GraduationCap' is declared but its value is never read.
src/app/join-faculty/page.tsx(8,10): error TS6133: 'MapPin' is declared but its value is never read.
src/app/join-faculty/page.tsx(8,18): error TS6133: 'FileText' is declared but its value is never read.
src/app/join-faculty/page.tsx(28,5): error TS6133: 'setValue' is declared but its value is never read.
src/app/join-faculty/page.tsx(29,5): error TS6133: 'watch' is declared but its value is never read.
src/app/login/page.tsx(9,1): error TS6133: 'Button' is declared but its value is never read.
src/app/login/page.tsx(10,1): error TS6133: 'Input' is declared but its value is never read.
src/app/not-found.tsx(5,27): error TS6133: 'RotateCcw' is declared but its value is never read.
src/app/not-found.tsx(60,10): error TS6133: 'IsometricSpinner' is declared but its value is never read.
src/app/profile/page.tsx(23,17): error TS6133: 'session' is declared but its value is never read.
src/app/schedule/page.tsx(9,1): error TS6133: 'Link' is declared but its value is never read.
